Microchip MPLAB XC8 Compiler V1.33 ()

Linker command line:

--edf=C:\Program Files (x86)\Microchip\xc8\v1.33\dat\en_msgs.txt -cs \
  -h+dist/default/production\Project.X.production.sym \
  --cmf=dist/default/production\Project.X.production.cmf -z -Q18F1330 \
  -oC:\Users\JimSe\AppData\Local\Temp\s75s.6 \
  -Mdist/default/production/Project.X.production.map -E1 -ver=XC8 \
  -ASTACK=00h-00h -pstack=STACK -ACODE=00h-01FFFh -ACONST=00h-01FFFh \
  -ASMALLCONST=0100h-01FFhx31 -AMEDIUMCONST=0100h-01FFFh -ACOMRAM=01h-07Fh \
  -AABS1=00h-0FFh -ABIGRAM=01h-0FFh -ARAM=080h-0FFh -ABANK0=080h-0FFh \
  -ASFR=0F80h-0FFFh \
  -preset_vec=00h,intcode=08h,intcodelo,powerup,init,end_init \
  -pramtop=0100h -psmallconst=SMALLCONST -pmediumconst=MEDIUMCONST \
  -pconst=CONST -AFARRAM=00h-00h -ACONFIG=0300000h-030000Dh -pconfig=CONFIG \
  -AIDLOC=0200000h-0200007h -pidloc=IDLOC -AEEDATA=0F00000h-0F0007Fh \
  -peeprom_data=EEDATA \
  -prdata=COMRAM,nvrram=COMRAM,nvbit=COMRAM,rbss=COMRAM,rbit=COMRAM \
  -pfarbss=FARRAM,fardata=FARRAM,nvFARRAM=FARRAM \
  -pintsave_regs=BIGRAM,bigbss=BIGRAM,bigdata=BIGRAM -pbss=RAM \
  -pidata=CODE,irdata=CODE,ibigdata=CODE,ifardata=CODE \
  C:\Users\JimSe\AppData\Local\Temp\s75s.obj \
  dist/default/production\Project.X.production.obj 

Object code version is 3.11

Machine type is 18F1330

Call graph: (short form)




                Name                               Link     Load   Length Selector   Space Scale
C:\Users\JimSe\AppData\Local\Temp\s75s.obj
                end_init                             FA       FA        4        4       0
                reset_vec                             0        0        4        0       0
                idloc                            200000   200000        8   200000       0
                config                           300000   300000        E   300000       0
dist/default/production\Project.X.production.obj
                intcode                               8        8       F2        4       0
                smallconst                          100      100       4E       80       0
                text8                               5F2      5F2       14       A7       0
                text7                               514      514       44       A7       0
                text6                               40E      40E       B4       A7       0
                text5                               4C2      4C2       52       A7       0
                text4                               59A      59A       42       A7       0
                text3                               614      614        C      30A       0
                text2                               2DA      2DA      134       A7       0
                text1                               5DC      5DC       16       A7       0
                text0                               14E      14E      18C       A7       0
                cstackCOMRAM                          1        1       38        1       1
                bssBANK0                             80       80       80       80       1
                dataCOMRAM                           50       50        D        1       1
                bssCOMRAM                            39       39       17        1       1
                cinit                               558      558       42       A7       0
                nvCOMRAM                             5D       5D        1        1       1
                idataCOMRAM                         606      606        D       A7       0

TOTAL           Name                               Link     Load   Length     Space
        CLASS   STACK          

        CLASS   CODE           
                end_init                             FA       FA        4         0
                intcode                               8        8       F2         0
                reset_vec                             0        0        4         0
                text8                               5F2      5F2       14         0
                text7                               514      514       44         0
                text6                               40E      40E       B4         0
                text5                               4C2      4C2       52         0
                text4                               59A      59A       42         0
                text3                               614      614        C         0
                text2                               2DA      2DA      134         0
                text1                               5DC      5DC       16         0
                text0                               14E      14E      18C         0
                cinit                               558      558       42         0
                idataCOMRAM                         606      606        D         0

        CLASS   CONST          

        CLASS   SMALLCONST     
                smallconst                          100      100       4E         0

        CLASS   MEDIUMCONST    

        CLASS   COMRAM         
                cstackCOMRAM                          1        1       38         1
                dataCOMRAM                           50       50        D         1
                bssCOMRAM                            39       39       17         1
                nvCOMRAM                             5D       5D        1         1

        CLASS   ABS1           

        CLASS   BIGRAM         

        CLASS   RAM            

        CLASS   BANK0          
                bssBANK0                             80       80       80         1

        CLASS   SFR            

        CLASS   FARRAM         

        CLASS   CONFIG         
                config                           300000   300000        E         0

        CLASS   IDLOC          
                idloc                            200000   200000        8         0

        CLASS   EEDATA         



SEGMENTS        Name                           Load    Length   Top    Selector   Space  Class

                reset_vec                      000000  000004  000004         0       0  CODE    
                cstackCOMRAM                   000001  00005D  00005E         1       1  COMRAM  
                intcode                        000008  0000F6  0000FE         4       0  CODE    
                bssBANK0                       000080  000080  000100        80       1  BANK0   
                smallconst                     000100  00004E  00014E        80       0  SMALLCON
                text0                          00014E  0004C5  000613        A7       0  CODE    
                text3                          000614  00000C  000620       30A       0  CODE    
                idloc                          200000  000008  200008    200000       0  IDLOC   
                config                         300000  00000E  30000E    300000       0  CONFIG  


UNUSED ADDRESS RANGES

        Name                Unused          Largest block    Delta
        BIGRAM           00005E-00007F               22
        CODE             000004-000007                4
                         0000FE-0000FF                2
                         000613-000613                1
                         000620-001FFF             19E0
        COMRAM           00005E-00007F               22
        CONST            000004-000007                4
                         0000FE-0000FF                2
                         000613-000613                1
                         000620-001FFF             19E0
        EEDATA           F00000-F0007F               80
        MEDIUMCONST      000613-000613                1
                         000620-001FFF             19E0
        SFR              000F80-000FFF               80
        SMALLCONST       000613-000613                1
                         000620-001FFF              100
        STACK            000000-000000                1

                                  Symbol Table

?___lwdiv                 cstackCOMRAM 000011
?___lwmod                 cstackCOMRAM 000018
?_printf                  cstackCOMRAM 00001D
?_readAD                  cstackCOMRAM 000011
ADsetChannel@channel      cstackCOMRAM 000012
DelayMs@i                 cstackCOMRAM 000011
DelayMs@j                 cstackCOMRAM 000013
DelayMs@k                 cstackCOMRAM 000015
_ADCON0                   (abs)        000FC2
_ADCON1                   (abs)        000FC1
_ADCON2                   (abs)        000FC0
_ADCON2bits               (abs)        000FC0
_ADRESH                   (abs)        000FC4
_ADsetChannel             text8        0005F2
_BRGH                     (abs)        007D62
_CREN                     (abs)        007D5C
_DUTYbuffer               bssCOMRAM    000039
_DelayMs                  text7        000514
_FLTCONFIG                (abs)        000F8B
_GIE                      (abs)        007F97
_GODONE                   (abs)        007E11
_INTCON                   (abs)        000FF2
_LEDcounter               dataCOMRAM   00005C
_LEDflag                  nvCOMRAM     00005D
_OVDCOND                  (abs)        000F83
_OVDCONS                  (abs)        000F82
_PDC0H                    (abs)        000F90
_PDC0L                    (abs)        000F91
_PDC1H                    (abs)        000F8E
_PDC1L                    (abs)        000F8F
_PDC2H                    (abs)        000F8C
_PDC2L                    (abs)        000F8D
_PEIE                     (abs)        007F96
_PIE1                     (abs)        000F9D
_PIE3                     (abs)        000FA3
_PMOD0                    (abs)        007C30
_PMOD1                    (abs)        007C31
_PMOD2                    (abs)        007C32
_PORTAbits                (abs)        000F80
_PSA                      (abs)        007EAB
_PTCKPS0                  (abs)        007CD2
_PTCKPS1                  (abs)        007CD3
_PTCON0                   (abs)        000F9A
_PTCON1                   (abs)        000F99
_PTEN                     (abs)        007CCF
_PTMOD0                   (abs)        007CD0
_PTMOD1                   (abs)        007CD1
_PTPERH                   (abs)        000F95
_PTPERL                   (abs)        000F96
_PWMCON0                  (abs)        000F86
_PWMCON1                  (abs)        000F85
_PWMEN0                   (abs)        007C34
_PWMEN1                   (abs)        007C35
_PWMEN2                   (abs)        007C36
_RBPU                     (abs)        007F8F
_RCIE                     (abs)        007CED
_RCIF                     (abs)        007CF5
_RCREG                    (abs)        000FAE
_RCSTAbits                (abs)        000FAB
_RX9                      (abs)        007D5E
_SPBRG                    (abs)        000FAF
_SPEN                     (abs)        007D5F
_SREN                     (abs)        007D5D
_SYNC                     (abs)        007D64
_T016BIT                  (abs)        007EAE
_T0CON                    (abs)        000FD5
_T0CS                     (abs)        007EAD
_T0PS0                    (abs)        007EA8
_T0PS1                    (abs)        007EA9
_T0PS2                    (abs)        007EAA
_T0SE                     (abs)        007EAC
_T1CKPS0                  (abs)        007E6C
_T1CKPS1                  (abs)        007E6D
_T1CON                    (abs)        000FCD
_T1RD16                   (abs)        007E6F
_TMR0IE                   (abs)        007F95
_TMR0IF                   (abs)        007F92
_TMR0ON                   (abs)        007EAF
_TMR1CS                   (abs)        007E69
_TMR1IE                   (abs)        007CE8
_TMR1ON                   (abs)        007E68
_TRISA                    (abs)        000F92
_TRISB                    (abs)        000F93
_TX9                      (abs)        007D66
_TXEN                     (abs)        007D65
_TXIE                     (abs)        007CEC
_TXIF                     (abs)        007CF4
_TXREG                    (abs)        000FAD
_XBEERxBuffer             bssBANK0     000080
__CFG_BBSIZ$BB256         (abs)        000000
__CFG_BOR$OFF             (abs)        000000
__CFG_BORV$3              (abs)        000000
__CFG_CP0$OFF             (abs)        000000
__CFG_CP1$OFF             (abs)        000000
__CFG_CPB$OFF             (abs)        000000
__CFG_CPD$OFF             (abs)        000000
__CFG_EBTR0$OFF           (abs)        000000
__CFG_EBTR1$OFF           (abs)        000000
__CFG_EBTRB$OFF           (abs)        000000
__CFG_FCMEN$OFF           (abs)        000000
__CFG_FLTAMX$RA5          (abs)        000000
__CFG_HPOL$HIGH           (abs)        000000
__CFG_IESO$OFF            (abs)        000000
__CFG_LPOL$HIGH           (abs)        000000
__CFG_MCLRE$ON            (abs)        000000
__CFG_OSC$HS              (abs)        000000
__CFG_PWMPIN$ON           (abs)        000000
__CFG_PWRT$OFF            (abs)        000000
__CFG_STVREN$ON           (abs)        000000
__CFG_T1OSCMX$HIGH        (abs)        000000
__CFG_WDT$OFF             (abs)        000000
__CFG_WDTPS$32768         (abs)        000000
__CFG_WRT0$OFF            (abs)        000000
__CFG_WRT1$OFF            (abs)        000000
__CFG_WRTB$OFF            (abs)        000000
__CFG_WRTC$OFF            (abs)        000000
__CFG_WRTD$OFF            (abs)        000000
__HRAM                    (abs)        000000
__Habs1                   abs1         000000
__Hbank0                  bank0        000000
__Hbigbss                 bigbss       000000
__Hbigdata                bigdata      000000
__Hbigram                 bigram       000000
__Hbss                    bss          000000
__HbssBANK0               bssBANK0     000000
__HbssCOMRAM              bssCOMRAM    000000
__Hcinit                  cinit        000000
__Hclrtext                clrtext      000000
__Hcomram                 comram       000000
__Hconfig                 config       30000E
__Hconst                  const        000000
__HcstackCOMRAM           cstackCOMRAM 000000
__Hdata                   data         000000
__HdataCOMRAM             dataCOMRAM   000000
__Heeprom_data            eeprom_data  000000
__Hend_init               end_init     0000FE
__Hfarbss                 farbss       000000
__Hfardata                fardata      000000
__Hibigdata               ibigdata     000000
__Hidata                  idata        000000
__HidataCOMRAM            idataCOMRAM  000000
__Hidloc                  idloc        200008
__Hifardata               ifardata     000000
__Hinit                   init         0000FA
__Hintcode                intcode      0000FA
__Hintcode_body           intcode_body 000000
__Hintcodelo              intcodelo    0000FA
__Hintentry               intentry     000000
__Hintret                 intret       000000
__Hintsave_regs           intsave_regs 000000
__Hirdata                 irdata       000000
__Hmediumconst            mediumconst  000000
__HnvCOMRAM               nvCOMRAM     000000
__HnvFARRAM               nvFARRAM     000000
__Hnvbit                  nvbit        000000
__Hnvrram                 nvrram       000000
__Hparam                  rparam       000000
__Hpowerup                powerup      0000FA
__Hram                    ram          000000
__Hramtop                 ramtop       000100
__Hrbit                   rbit         000000
__Hrbss                   rbss         000000
__Hrdata                  rdata        000000
__Hreset_vec              reset_vec    000004
__Hrparam                 rparam       000000
__Hsfr                    sfr          000000
__Hsmallconst             smallconst   00014E
__Hspace_0                (abs)        30000E
__Hspace_1                (abs)        000100
__Hspace_2                (abs)        000000
__Hstack                  stack        000000
__Hstruct                 struct       000000
__Htemp                   temp         000000
__Htext                   text         000000
__Htext0                  text0        000000
__Htext1                  text1        000000
__Htext2                  text2        000000
__Htext3                  text3        000000
__Htext4                  text4        000000
__Htext5                  text5        000000
__Htext6                  text6        000000
__Htext7                  text7        000000
__Htext8                  text8        000000
__LRAM                    (abs)        000001
__Labs1                   abs1         000000
__Lbank0                  bank0        000000
__Lbigbss                 bigbss       000000
__Lbigdata                bigdata      000000
__Lbigram                 bigram       000000
__Lbss                    bss          000000
__LbssBANK0               bssBANK0     000000
__LbssCOMRAM              bssCOMRAM    000000
__Lcinit                  cinit        000000
__Lclrtext                clrtext      000000
__Lcomram                 comram       000000
__Lconfig                 config       300000
__Lconst                  const        000000
__LcstackCOMRAM           cstackCOMRAM 000000
__Ldata                   data         000000
__LdataCOMRAM             dataCOMRAM   000000
__Leeprom_data            eeprom_data  000000
__Lend_init               end_init     0000FA
__Lfarbss                 farbss       000000
__Lfardata                fardata      000000
__Libigdata               ibigdata     000000
__Lidata                  idata        000000
__LidataCOMRAM            idataCOMRAM  000000
__Lidloc                  idloc        200000
__Lifardata               ifardata     000000
__Linit                   init         0000FA
__Lintcode                intcode      000008
__Lintcode_body           intcode_body 000000
__Lintcodelo              intcodelo    0000FA
__Lintentry               intentry     000000
__Lintret                 intret       000000
__Lintsave_regs           intsave_regs 000000
__Lirdata                 irdata       000000
__Lmediumconst            mediumconst  000000
__LnvCOMRAM               nvCOMRAM     000000
__LnvFARRAM               nvFARRAM     000000
__Lnvbit                  nvbit        000000
__Lnvrram                 nvrram       000000
__Lparam                  rparam       000000
__Lpowerup                powerup      0000FA
__Lram                    ram          000000
__Lramtop                 ramtop       000100
__Lrbit                   rbit         000000
__Lrbss                   rbss         000000
__Lrdata                  rdata        000000
__Lreset_vec              reset_vec    000000
__Lrparam                 rparam       000000
__Lsfr                    sfr          000000
__Lsmallconst             smallconst   000100
__Lspace_0                (abs)        000000
__Lspace_1                (abs)        000000
__Lspace_2                (abs)        000000
__Lstack                  stack        000000
__Lstruct                 struct       000000
__Ltemp                   temp         000000
__Ltext                   text         000000
__Ltext0                  text0        000000
__Ltext1                  text1        000000
__Ltext2                  text2        000000
__Ltext3                  text3        000000
__Ltext4                  text4        000000
__Ltext5                  text5        000000
__Ltext6                  text6        000000
__Ltext7                  text7        000000
__Ltext8                  text8        000000
__S0                      (abs)        30000E
__S1                      (abs)        000100
__S2                      (abs)        000000
___inthi_sp               stack        000000
___intlo_sp               stack        000000
___lwdiv                  text5        0004C2
___lwdiv@counter          cstackCOMRAM 000017
___lwdiv@dividend         cstackCOMRAM 000011
___lwdiv@divisor          cstackCOMRAM 000013
___lwdiv@quotient         cstackCOMRAM 000015
___lwmod                  text4        00059A
___lwmod@counter          cstackCOMRAM 00001C
___lwmod@dividend         cstackCOMRAM 000018
___lwmod@divisor          cstackCOMRAM 00001A
___sp                     stack        000000
__accesstop               (abs)        000080
__activetblptr            (abs)        000002
__end_of_ADsetChannel     text8        000606
__end_of_DelayMs          text7        000558
__end_of___lwdiv          text5        000514
__end_of___lwmod          text4        0005DC
__end_of__initialization  cinit        000590
__end_of__stringdata      smallconst   00014C
__end_of_dpowers          smallconst   00010B
__end_of_initializePorts  text6        0004C2
__end_of_isr              intcode      0000FA
__end_of_main             text0        0002DA
__end_of_printf           text2        00040E
__end_of_putch            text3        000620
__end_of_readAD           text1        0005F2
__initialization          cinit        000558
__mediumconst             mediumconst  000000
__pbssBANK0               bssBANK0     000080
__pbssCOMRAM              bssCOMRAM    000039
__pcinit                  cinit        000558
__pcstackCOMRAM           cstackCOMRAM 000001
__pdataCOMRAM             dataCOMRAM   000050
__pidataCOMRAM            idataCOMRAM  000606
__pintcode                intcode      000008
__pnvCOMRAM               nvCOMRAM     00005D
__psmallconst             smallconst   000100
__ptext0                  text0        00014E
__ptext1                  text1        0005DC
__ptext2                  text2        0002DA
__ptext3                  text3        000614
__ptext4                  text4        00059A
__ptext5                  text5        0004C2
__ptext6                  text6        00040E
__ptext7                  text7        000514
__ptext8                  text8        0005F2
__ramtop                  ramtop       000100
__size_of_ADsetChannel    (abs)        000000
__size_of_DelayMs         (abs)        000000
__size_of___lwdiv         (abs)        000000
__size_of___lwmod         (abs)        000000
__size_of_initializePorts (abs)        000000
__size_of_isr             (abs)        000000
__size_of_main            (abs)        000000
__size_of_printf          (abs)        000000
__size_of_putch           (abs)        000000
__size_of_readAD          (abs)        000000
__smallconst              smallconst   000100
__stringdata              smallconst   00010B
_boardNumber              bssCOMRAM    000045
_ch                       bssCOMRAM    000046
_convert                  bssCOMRAM    00003F
_dpowers                  smallconst   000101
_dummy                    bssCOMRAM    000047
_dutyCycle                dataCOMRAM   000050
_endFlag                  bssCOMRAM    000048
_escapeFlag               bssCOMRAM    000049
_inLength                 bssCOMRAM    000041
_initializePorts          text6        00040E
_integer                  bssCOMRAM    00004E
_isr                      intcode      000008
_j                        bssCOMRAM    000043
_main                     text0        00014E
_numServosUpdated         bssCOMRAM    00004A
_printf                   text2        0002DA
_putch                    text3        000614
_readAD                   text1        0005DC
_servoBuffer              bssBANK0     0000C0
_startFlag                bssCOMRAM    00004B
end_of_initialization     cinit        000590
intlevel0                 text         000000
intlevel1                 text         000000
intlevel2                 text         000000
intlevel3                 text         000000
isr@BoardID               cstackCOMRAM 00000F
isr@buffIndex             bssCOMRAM    00004C
isr@ch                    cstackCOMRAM 000010
isr@escapeFlag            bssCOMRAM    00004D
main@EyeballState         cstackCOMRAM 000037
main@Timer0Counter        cstackCOMRAM 000035
main@angle                cstackCOMRAM 000034
main@delayCounter         cstackCOMRAM 000038
main@potValue             cstackCOMRAM 000031
main@secondCounter        cstackCOMRAM 00002F
main@stroke               cstackCOMRAM 000033
printf@_val               cstackCOMRAM 000029
printf@ap                 cstackCOMRAM 000025
printf@c                  cstackCOMRAM 00002E
printf@f                  cstackCOMRAM 00001D
printf@flag               cstackCOMRAM 000027
printf@prec               cstackCOMRAM 000028
putch@ch                  cstackCOMRAM 000011
readAD@ADresult           cstackCOMRAM 000013
stackhi                   (abs)        000000
stacklo                   (abs)        000000
start                     init         0000FA
start_initialization      cinit        000558


FUNCTION INFORMATION:

 *************** function _main *****************
 Defined at:
		line 172 in file "../main.c"
 Parameters:    Size  Location     Type
		None
 Auto vars:     Size  Location     Type
  Timer0Counte    2   52[COMRAM] unsigned short 
  potValue        2   48[COMRAM] unsigned short 
  secondCounte    2   46[COMRAM] unsigned short 
  delayCounter    1   55[COMRAM] unsigned char 
  EyeballState    1   54[COMRAM] unsigned char 
  angle           1   51[COMRAM] unsigned char 
  stroke          1   50[COMRAM] unsigned char 
 Return value:  Size  Location     Type
		None               void
 Registers used:
		wreg, fsr2l, fsr2h, status,2, status,0, tblptrl, tblptrh, tblptru, prodl, prodh, cstack
 Tracked objects:
		On entry : 
		On exit  : 
		Unchanged: 
 Data sizes:     COMRAM   BANK0
      Params:         0       0
      Locals:        10       0
      Temps:          0       0
      Totals:        10       0
Total ram usage:       10 bytes
 Hardware stack levels required when called:    3
 This function calls:
		_ADsetChannel
		_DelayMs
		_initializePorts
		_printf
		_readAD
 This function is called by:
		Startup code after reset
 This function uses a non-reentrant model


 *************** function _readAD *****************
 Defined at:
		line 410 in file "../main.c"
 Parameters:    Size  Location     Type
		None
 Auto vars:     Size  Location     Type
  ADresult        2   18[COMRAM] int 
 Return value:  Size  Location     Type
                  2   16[COMRAM] unsigned short 
 Registers used:
		None
 Tracked objects:
		On entry : 
		On exit  : 
		Unchanged: 
 Data sizes:     COMRAM   BANK0
      Params:         2       0
      Locals:         2       0
      Temps:          0       0
      Totals:         4       0
Total ram usage:        4 bytes
 Hardware stack levels used:    1
 Hardware stack levels required when called:    1
 This function calls:
		Nothing
 This function is called by:
		_main
 This function uses a non-reentrant model


 *************** function _printf *****************
 Defined at:
		line 464 in file "C:\Program Files (x86)\Microchip\xc8\v1.33\sources\common\doprnt.c"
 Parameters:    Size  Location     Type
  f               2   28[COMRAM] PTR const unsigned char 
		 -> STR_3(21), STR_2(24), STR_1(20), 
 Auto vars:     Size  Location     Type
  _val            5   40[COMRAM] struct .
  ap              2   36[COMRAM] PTR void [1]
		 -> ?_printf(2), 
  c               1   45[COMRAM] char 
  prec            1   39[COMRAM] char 
  flag            1   38[COMRAM] unsigned char 
 Return value:  Size  Location     Type
                  2   28[COMRAM] int 
 Registers used:
		wreg, fsr2l, fsr2h, status,2, status,0, tblptrl, tblptrh, tblptru, prodl, prodh, cstack
 Tracked objects:
		On entry : 
		On exit  : 
		Unchanged: 
 Data sizes:     COMRAM   BANK0
      Params:         6       0
      Locals:        10       0
      Temps:          2       0
      Totals:        18       0
Total ram usage:       18 bytes
 Hardware stack levels used:    1
 Hardware stack levels required when called:    2
 This function calls:
		___lwdiv
		___lwmod
		_putch
 This function is called by:
		_main
		_processInBuffer
 This function uses a non-reentrant model


 *************** function _putch *****************
 Defined at:
		line 400 in file "../main.c"
 Parameters:    Size  Location     Type
  ch              1    wreg     unsigned char 
 Auto vars:     Size  Location     Type
  ch              1   16[COMRAM] unsigned char 
 Return value:  Size  Location     Type
		None               void
 Registers used:
		wreg
 Tracked objects:
		On entry : 
		On exit  : 
		Unchanged: 
 Data sizes:     COMRAM   BANK0
      Params:         0       0
      Locals:         1       0
      Temps:          0       0
      Totals:         1       0
Total ram usage:        1 bytes
 Hardware stack levels used:    1
 Hardware stack levels required when called:    1
 This function calls:
		Nothing
 This function is called by:
		_printf
 This function uses a non-reentrant model


 *************** function ___lwmod *****************
 Defined at:
		line 8 in file "C:\Program Files (x86)\Microchip\xc8\v1.33\sources\common\lwmod.c"
 Parameters:    Size  Location     Type
  dividend        2   23[COMRAM] unsigned int 
  divisor         2   25[COMRAM] unsigned int 
 Auto vars:     Size  Location     Type
  counter         1   27[COMRAM] unsigned char 
 Return value:  Size  Location     Type
                  2   23[COMRAM] unsigned int 
 Registers used:
		wreg, status,2, status,0
 Tracked objects:
		On entry : 
		On exit  : 
		Unchanged: 
 Data sizes:     COMRAM   BANK0
      Params:         4       0
      Locals:         1       0
      Temps:          0       0
      Totals:         5       0
Total ram usage:        5 bytes
 Hardware stack levels used:    1
 Hardware stack levels required when called:    1
 This function calls:
		Nothing
 This function is called by:
		_printf
 This function uses a non-reentrant model


 *************** function ___lwdiv *****************
 Defined at:
		line 8 in file "C:\Program Files (x86)\Microchip\xc8\v1.33\sources\common\lwdiv.c"
 Parameters:    Size  Location     Type
  dividend        2   16[COMRAM] unsigned int 
  divisor         2   18[COMRAM] unsigned int 
 Auto vars:     Size  Location     Type
  quotient        2   20[COMRAM] unsigned int 
  counter         1   22[COMRAM] unsigned char 
 Return value:  Size  Location     Type
                  2   16[COMRAM] unsigned int 
 Registers used:
		wreg, status,2, status,0
 Tracked objects:
		On entry : 
		On exit  : 
		Unchanged: 
 Data sizes:     COMRAM   BANK0
      Params:         4       0
      Locals:         3       0
      Temps:          0       0
      Totals:         7       0
Total ram usage:        7 bytes
 Hardware stack levels used:    1
 Hardware stack levels required when called:    1
 This function calls:
		Nothing
 This function is called by:
		_printf
 This function uses a non-reentrant model


 *************** function _initializePorts *****************
 Defined at:
		line 305 in file "../main.c"
 Parameters:    Size  Location     Type
		None
 Auto vars:     Size  Location     Type
		None
 Return value:  Size  Location     Type
		None               void
 Registers used:
		wreg, status,2
 Tracked objects:
		On entry : 
		On exit  : 
		Unchanged: 
 Data sizes:     COMRAM   BANK0
      Params:         0       0
      Locals:         0       0
      Temps:          0       0
      Totals:         0       0
Total ram usage:        0 bytes
 Hardware stack levels used:    1
 Hardware stack levels required when called:    1
 This function calls:
		Nothing
 This function is called by:
		_main
 This function uses a non-reentrant model


 *************** function _DelayMs *****************
 Defined at:
		line 17 in file "../DELAY16.c"
 Parameters:    Size  Location     Type
  i               2   16[COMRAM] unsigned int 
 Auto vars:     Size  Location     Type
  j               2   18[COMRAM] int 
  k               1   20[COMRAM] unsigned char 
 Return value:  Size  Location     Type
		None               void
 Registers used:
		wreg, status,2, status,0
 Tracked objects:
		On entry : 
		On exit  : 
		Unchanged: 
 Data sizes:     COMRAM   BANK0
      Params:         2       0
      Locals:         3       0
      Temps:          0       0
      Totals:         5       0
Total ram usage:        5 bytes
 Hardware stack levels used:    1
 Hardware stack levels required when called:    1
 This function calls:
		Nothing
 This function is called by:
		_main
 This function uses a non-reentrant model


 *************** function _ADsetChannel *****************
 Defined at:
		line 406 in file "../main.c"
 Parameters:    Size  Location     Type
  channel         1    wreg     unsigned char 
 Auto vars:     Size  Location     Type
  channel         1   17[COMRAM] unsigned char 
 Return value:  Size  Location     Type
		None               void
 Registers used:
		wreg, status,2, status,0
 Tracked objects:
		On entry : 
		On exit  : 
		Unchanged: 
 Data sizes:     COMRAM   BANK0
      Params:         0       0
      Locals:         1       0
      Temps:          1       0
      Totals:         2       0
Total ram usage:        2 bytes
 Hardware stack levels used:    1
 Hardware stack levels required when called:    1
 This function calls:
		Nothing
 This function is called by:
		_main
 This function uses a non-reentrant model


 *************** function _isr *****************
 Defined at:
		line 420 in file "../main.c"
 Parameters:    Size  Location     Type
		None
 Auto vars:     Size  Location     Type
  ch              1   15[COMRAM] unsigned char 
  BoardID         1   14[COMRAM] unsigned char 
  firstServo      1    0        unsigned char 
  k               1    0        unsigned char 
  j               1    0        unsigned char 
  i               1    0        unsigned char 
 Return value:  Size  Location     Type
		None               void
 Registers used:
		wreg, fsr2l, fsr2h, status,2, status,0, prodl, prodh
 Tracked objects:
		On entry : 
		On exit  : 
		Unchanged: 
 Data sizes:     COMRAM   BANK0
      Params:         0       0
      Locals:         2       0
      Temps:         14       0
      Totals:        16       0
Total ram usage:       16 bytes
 Hardware stack levels used:    1
 This function calls:
		Nothing
 This function is called by:
		Interrupt level 2
 This function uses a non-reentrant model



MODULE INFORMATION

Module		Function		Class		Link	Load	Size
../main.c
		_putch         		CODE           	0614	0000	12
		_main          		CODE           	014E	0000	396
		_initializePort		CODE           	040E	0000	180
		_ADsetChannel  		CODE           	05F2	0000	20
		_isr           		CODE           	0008	0000	242
		_readAD        		CODE           	05DC	0000	22

../main.c estimated size: 872

C:\Program Files (x86)\Microchip\xc8\v1.33\sources\common\doprnt.c
		_printf        		CODE           	02DA	0000	308

C:\Program Files (x86)\Microchip\xc8\v1.33\sources\common\doprnt.c estimated size: 308

C:\Program Files (x86)\Microchip\xc8\v1.33\sources\common\lwmod.c
		___lwmod       		CODE           	059A	0000	66

C:\Program Files (x86)\Microchip\xc8\v1.33\sources\common\lwmod.c estimated size: 66

../DELAY16.c
		_DelayMs       		CODE           	0514	0000	68

../DELAY16.c estimated size: 68

C:\Program Files (x86)\Microchip\xc8\v1.33\sources\common\lwdiv.c
		___lwdiv       		CODE           	04C2	0000	82

C:\Program Files (x86)\Microchip\xc8\v1.33\sources\common\lwdiv.c estimated size: 82

shared
		__stringdata   		SMALLCONST     	010B	0000	65
		_dpowers       		SMALLCONST     	0101	0000	10
		__initializatio		CODE           	0558	0000	56

shared estimated size: 131

